   Compiling compiler_builtins v0.1.160 (/home/devuan/.rustup/toolchains/stable-x86_64-unknown-linux-gnu/lib/rustlib/src/rust/library/compiler-builtins/compiler-builtins)
   Compiling core v0.0.0 (/home/devuan/.rustup/toolchains/stable-x86_64-unknown-linux-gnu/lib/rustlib/src/rust/library/core)
   Compiling libc v0.2.183
   Compiling std v0.0.0 (/home/devuan/.rustup/toolchains/stable-x86_64-unknown-linux-gnu/lib/rustlib/src/rust/library/std)
   Compiling proc-macro2 v1.0.81
   Compiling unicode-ident v1.0.12
   Compiling libc v0.2.153
   Compiling thiserror v1.0.58
   Compiling serde v1.0.198
   Compiling quote v1.0.36
   Compiling syn v2.0.60
   Compiling serde_json v1.0.116
   Compiling pam-sys v0.5.6
   Compiling thiserror-impl v1.0.58
   Compiling serde_derive v1.0.198
   Compiling tokio-macros v2.2.0
   Compiling async-trait v0.1.80
   Compiling rustc-std-workspace-core v1.99.0 (/home/devuan/.rustup/toolchains/stable-x86_64-unknown-linux-gnu/lib/rustlib/src/rust/library/rustc-std-workspace-core)
   Compiling alloc v0.0.0 (/home/devuan/.rustup/toolchains/stable-x86_64-unknown-linux-gnu/lib/rustlib/src/rust/library/alloc)
   Compiling unwind v0.0.0 (/home/devuan/.rustup/toolchains/stable-x86_64-unknown-linux-gnu/lib/rustlib/src/rust/library/unwind)
   Compiling cfg-if v1.0.4
   Compiling panic_abort v0.0.0 (/home/devuan/.rustup/toolchains/stable-x86_64-unknown-linux-gnu/lib/rustlib/src/rust/library/panic_abort)
   Compiling rustc-demangle v0.1.27
   Compiling rustc-literal-escaper v0.0.7
   Compiling rustc-std-workspace-alloc v1.99.0 (/home/devuan/.rustup/toolchains/stable-x86_64-unknown-linux-gnu/lib/rustlib/src/rust/library/rustc-std-workspace-alloc)
   Compiling panic_unwind v0.0.0 (/home/devuan/.rustup/toolchains/stable-x86_64-unknown-linux-gnu/lib/rustlib/src/rust/library/panic_unwind)
   Compiling hashbrown v0.16.1
   Compiling std_detect v0.1.5 (/home/devuan/.rustup/toolchains/stable-x86_64-unknown-linux-gnu/lib/rustlib/src/rust/library/std_detect)
   Compiling proc_macro v0.0.0 (/home/devuan/.rustup/toolchains/stable-x86_64-unknown-linux-gnu/lib/rustlib/src/rust/library/proc_macro)
   Compiling mio v0.8.11
   Compiling signal-hook-registry v1.4.1
   Compiling socket2 v0.5.6
   Compiling itoa v1.0.11
   Compiling ryu v1.0.17
   Compiling bytes v1.6.0
   Compiling pin-project-lite v0.2.14
   Compiling bitflags v2.5.0
   Compiling tokio v1.37.0
   Compiling cfg-if v1.0.0
   Compiling unicode-width v0.1.11
   Compiling getopts v0.2.21
   Compiling nix v0.27.1
   Compiling enquote v1.1.0
   Compiling inish v0.1.0 (/home/devuan/FreeLinX/Desktop-test/stack/work/src/greetd-0.10.3/greetd-0.10.3/inish)
   Compiling rpassword v5.0.1
   Compiling greetd_ipc v0.10.3 (/home/devuan/FreeLinX/Desktop-test/stack/work/src/greetd-0.10.3/greetd-0.10.3/greetd_ipc)
   Compiling agreety v0.10.3 (/home/devuan/FreeLinX/Desktop-test/stack/work/src/greetd-0.10.3/greetd-0.10.3/agreety)
   Compiling greetd v0.10.3 (/home/devuan/FreeLinX/Desktop-test/stack/work/src/greetd-0.10.3/greetd-0.10.3/greetd)
   Compiling fakegreet v0.10.3 (/home/devuan/FreeLinX/Desktop-test/stack/work/src/greetd-0.10.3/greetd-0.10.3/fakegreet)
warning: unreachable expression
   --> greetd/src/session/interface.rs:121:42
    |
113 | /                 execv(
114 | |                     &bin,
115 | |                     &[
116 | |                         &bin,
...   |
121 | |                 .expect("unable to exec");
    | |                                         -^ unreachable expression
    | |_________________________________________|
    |                                           any code following this expression is unreachable
    |
note: this expression has type `Infallible`, which is uninhabited
   --> greetd/src/session/interface.rs:113:17
    |
113 | /                 execv(
114 | |                     &bin,
115 | |                     &[
116 | |                         &bin,
...   |
121 | |                 .expect("unable to exec");
    | |_________________________________________^
    = note: `#[warn(unreachable_code)]` (part of `#[warn(unused)]`) on by default

warning: unreachable expression
   --> greetd/src/session/worker.rs:277:38
    |
268 | /             execve(
269 | |                 &cpath,
270 | |                 &[
271 | |                     &cpath,
...   |
277 | |             .expect("unable to exec");
    | |                                     -^ unreachable expression
    | |_____________________________________|
    |                                       any code following this expression is unreachable
    |
note: this expression has type `Infallible`, which is uninhabited
   --> greetd/src/session/worker.rs:268:13
    |
268 | /             execve(
269 | |                 &cpath,
270 | |                 &[
271 | |                     &cpath,
...   |
277 | |             .expect("unable to exec");
    | |_____________________________________^

warning: hiding a lifetime that's named elsewhere is confusing
  --> greetd/src/session/conv.rs:31:63
   |
31 |     pub fn new(sock: &'a std::os::unix::net::UnixDatagram) -> SessionConv {
   |                       -- the lifetime is named here           ^^^^^^^^^^^ the same lifetime is hidden here
   |
   = help: the same lifetime is referred to in inconsistent ways, making the signature confusing
   = note: `#[warn(mismatched_lifetime_syntaxes)]` on by default
help: consistently use `'a`
   |
31 |     pub fn new(sock: &'a std::os::unix::net::UnixDatagram) -> SessionConv<'a> {
   |                                                                          ++++

warning: `greetd` (bin "greetd") generated 3 warnings (run `cargo fix --bin "greetd" -p greetd` to apply 1 suggestion)
    Finished `release` profile [optimized] target(s) in 1m 24s
  % Total    % Received % Xferd  Average Speed   Time    Time     Time  Current
                                 Dload  Upload   Total   Spent    Left  Speed
  0     0    0     0    0     0      0      0 --:--:-- --:--:-- --:--:--     0  0     0    0     0    0     0      0      0 --:--:-- --:--:-- --:--:--     0  0     0    0     0    0     0      0      0 --:--:-- --:--:-- --:--:--     0
  0     0    0     0    0     0      0      0 --:--:-- --:--:-- --:--:--     0
  0     0    0     0    0     0      0      0 --:--:--  0:00:01 --:--:--     0100  208k    0  208k    0     0  98777      0 --:--:--  0:00:02 --:--:--  212k100  272k    0  272k    0     0   125k      0 --:--:--  0:00:02 --:--:--  275k
    Updating crates.io index
 Downloading crates ...
  Downloaded cfg_aliases v0.1.1
  Downloaded const-random v0.1.18
  Downloaded castaway v0.2.2
  Downloaded const-random-macro v0.1.16
  Downloaded autocfg v1.2.0
  Downloaded cpufeatures v0.2.12
  Downloaded lru v0.12.3
  Downloaded intl-memoizer v0.5.1
  Downloaded trim-in-place v0.1.7
  Downloaded type-map v0.4.0
  Downloaded num-conv v0.1.0
  Downloaded futures-io v0.3.30
  Downloaded find-crate v0.6.3
  Downloaded fluent-langneg v0.13.0
  Downloaded greetd_ipc v0.10.0
  Downloaded i18n-config v0.4.6
  Downloaded heck v0.4.1
  Downloaded crunchy v0.2.2
  Downloaded crypto-common v0.1.6
  Downloaded futures-sink v0.3.30
  Downloaded lazy_static v1.4.0
  Downloaded fluent v0.16.0
  Downloaded equivalent v1.0.1
  Downloaded i18n-embed-fl v0.8.0
  Downloaded i18n-embed-impl v0.8.3
  Downloaded indoc v2.0.5
  Downloaded intl_pluralrules v7.0.2
  Downloaded futures-macro v0.3.30
  Downloaded futures-core v0.3.30
  Downloaded strsim v0.10.0
  Downloaded rustc-hash v1.1.0
  Downloaded smawk v0.3.2
  Downloaded crossbeam-utils v0.8.19
  Downloaded proc-macro-error-attr v1.0.4
  Downloaded time-core v0.1.2
  Downloaded num_cpus v1.16.0
  Downloaded thiserror-impl v1.0.59
  Downloaded stability v0.2.0
  Downloaded rust-embed-impl v8.3.0
  Downloaded toml_datetime v0.6.5
  Downloaded self_cell v0.10.3
  Downloaded pin-utils v0.1.0
  Downloaded strum v0.26.2
  Downloaded rust-embed-utils v8.3.0
  Downloaded rand_chacha v0.3.1
  Downloaded serde_spanned v0.6.5
  Downloaded tinystr v0.7.5
  Downloaded self_cell v1.0.3
  Downloaded futures-task v0.3.30
  Downloaded futures-channel v0.3.30
  Downloaded cassowary v0.3.0
  Downloaded nu-ansi-term v0.46.0
  Downloaded lock_api v0.4.11
  Downloaded i18n-embed v0.14.1
  Downloaded futures-executor v0.3.30
  Downloaded iana-time-zone v0.1.60
  Downloaded dashmap v5.5.3
  Downloaded unic-langid v0.9.4
  Downloaded locale_config v0.3.0
  Downloaded dlv-list v0.5.2
  Downloaded deranged v0.3.11
  Downloaded smart-default v0.7.1
  Downloaded signal-hook-registry v1.4.2
  Downloaded rustversion v1.0.15
  Downloaded proc-macro-error v1.0.4
  Downloaded signal-hook-mio v0.2.3
  Downloaded ppv-lite86 v0.2.17
  Downloaded paste v1.0.14
  Downloaded strum_macros v0.26.2
  Downloaded overload v0.1.1
  Downloaded ordered-multimap v0.7.3
  Downloaded rust-ini v0.21.0
  Downloaded slab v0.4.9
  Downloaded fluent-bundle v0.15.2
  Downloaded thread_local v1.1.8
  Downloaded displaydoc v0.2.4
  Downloaded ahash v0.8.11
  Downloaded version_check v0.9.4
  Downloaded either v1.11.0
  Downloaded getrandom v0.2.14
  Downloaded parking_lot_core v0.9.9
  Downloaded smallvec v1.13.2
  Downloaded sha2 v0.10.8
  Downloaded once_cell v1.19.0
  Downloaded allocator-api2 v0.2.18
  Downloaded zeroize v1.7.0
  Downloaded futures v0.3.30
  Downloaded log v0.4.21
  Downloaded compact_str v0.7.1
  Downloaded parking_lot v0.12.1
  Downloaded num-traits v0.2.18
  Downloaded tracing-attributes v0.1.27
  Downloaded sharded-slab v0.1.7
  Downloaded textwrap v0.16.1
  Downloaded arc-swap v1.7.1
  Downloaded signal-hook v0.3.17
  Downloaded unicode-linebreak v0.1.5
  Downloaded thiserror v1.0.59
  Downloaded tracing-appender v0.2.3
  Downloaded fluent-syntax v0.11.0
  Downloaded indexmap v2.2.6
  Downloaded memchr v2.7.2
  Downloaded uzers v0.12.0
  Downloaded tracing-log v0.2.0
  Downloaded time-macros v0.2.18
  Downloaded rand v0.8.5
  Downloaded crossbeam-channel v0.5.12
  Downloaded typenum v1.17.0
  Downloaded itertools v0.12.1
  Downloaded futures-util v0.3.30
  Downloaded toml v0.8.12
  Downloaded pure-rust-locales v0.8.1
  Downloaded aho-corasick v1.1.3
  Downloaded chrono v0.4.38
  Downloaded tracing-core v0.1.32
  Downloaded hashbrown v0.14.3
  Downloaded regex v1.10.4
  Downloaded crossterm v0.27.0
  Downloaded tiny-keccak v2.0.2
  Downloaded nix v0.28.0
  Downloaded regex-syntax v0.8.3
  Downloaded toml v0.5.11
  Downloaded toml_edit v0.22.12
  Downloaded tracing v0.1.40
  Downloaded ratatui v0.26.2
  Downloaded unic-langid-impl v0.9.4
  Downloaded unicode-segmentation v1.11.0
  Downloaded time v0.3.36
  Downloaded regex-automata v0.4.6
  Downloaded zerocopy v0.7.32
  Downloaded winnow v0.6.6
  Downloaded tracing-subscriber v0.3.18
  Downloaded rust-embed v8.3.0
   Compiling compiler_builtins v0.1.160 (/home/devuan/.rustup/toolchains/stable-x86_64-unknown-linux-gnu/lib/rustlib/src/rust/library/compiler-builtins/compiler-builtins)
   Compiling core v0.0.0 (/home/devuan/.rustup/toolchains/stable-x86_64-unknown-linux-gnu/lib/rustlib/src/rust/library/core)
   Compiling libc v0.2.183
   Compiling std v0.0.0 (/home/devuan/.rustup/toolchains/stable-x86_64-unknown-linux-gnu/lib/rustlib/src/rust/library/std)
   Compiling proc-macro2 v1.0.81
   Compiling unicode-ident v1.0.12
   Compiling version_check v0.9.4
   Compiling libc v0.2.153
   Compiling quote v1.0.36
   Compiling serde v1.0.198
   Compiling syn v2.0.60
   Compiling cfg-if v1.0.0
   Compiling autocfg v1.2.0
   Compiling typenum v1.17.0
   Compiling generic-array v0.14.7
   Compiling ahash v0.8.11
   Compiling thiserror v1.0.59
   Compiling once_cell v1.19.0
   Compiling lock_api v0.4.11
   Compiling parking_lot_core v0.9.9
   Compiling zerocopy v0.7.32
   Compiling allocator-api2 v0.2.18
   Compiling serde_derive v1.0.198
   Compiling displaydoc v0.2.4
   Compiling thiserror-impl v1.0.59
   Compiling tinystr v0.7.5
   Compiling hashbrown v0.14.3
   Compiling crypto-common v0.1.6
   Compiling block-buffer v0.10.4
   Compiling digest v0.10.7
   Compiling same-file v1.0.6
   Compiling crunchy v0.2.2
   Compiling cpufeatures v0.2.12
   Compiling equivalent v1.0.1
   Compiling indexmap v2.2.6
   Compiling sha2 v0.10.8
   Compiling walkdir v2.5.0
   Compiling smallvec v1.13.2
   Compiling winnow v0.6.6
   Compiling unic-langid-impl v0.9.4
   Compiling unic-langid v0.9.4
   Compiling toml_datetime v0.6.5
   Compiling serde_spanned v0.6.5
   Compiling rustversion v1.0.15
   Compiling tiny-keccak v2.0.2
   Compiling toml_edit v0.22.12
   Compiling rust-embed-utils v8.3.0
   Compiling rustc-hash v1.1.0
   Compiling memchr v2.7.2
   Compiling aho-corasick v1.1.3
   Compiling toml v0.8.12
   Compiling type-map v0.4.0
   Compiling rust-embed-impl v8.3.0
   Compiling rustc-std-workspace-core v1.99.0 (/home/devuan/.rustup/toolchains/stable-x86_64-unknown-linux-gnu/lib/rustlib/src/rust/library/rustc-std-workspace-core)
   Compiling alloc v0.0.0 (/home/devuan/.rustup/toolchains/stable-x86_64-unknown-linux-gnu/lib/rustlib/src/rust/library/alloc)
   Compiling unwind v0.0.0 (/home/devuan/.rustup/toolchains/stable-x86_64-unknown-linux-gnu/lib/rustlib/src/rust/library/unwind)
   Compiling cfg-if v1.0.4
   Compiling rustc-demangle v0.1.27
   Compiling panic_abort v0.0.0 (/home/devuan/.rustup/toolchains/stable-x86_64-unknown-linux-gnu/lib/rustlib/src/rust/library/panic_abort)
   Compiling rustc-literal-escaper v0.0.7
   Compiling toml v0.5.11
   Compiling getrandom v0.2.14
   Compiling slab v0.4.9
   Compiling scopeguard v1.2.0
   Compiling log v0.4.21
   Compiling regex-syntax v0.8.3
   Compiling signal-hook v0.3.17
   Compiling self_cell v1.0.3
   Compiling self_cell v0.10.3
   Compiling i18n-config v0.4.6
   Compiling rustc-std-workspace-alloc v1.99.0 (/home/devuan/.rustup/toolchains/stable-x86_64-unknown-linux-gnu/lib/rustlib/src/rust/library/rustc-std-workspace-alloc)
   Compiling std_detect v0.1.5 (/home/devuan/.rustup/toolchains/stable-x86_64-unknown-linux-gnu/lib/rustlib/src/rust/library/std_detect)
   Compiling hashbrown v0.16.1
   Compiling panic_unwind v0.0.0 (/home/devuan/.rustup/toolchains/stable-x86_64-unknown-linux-gnu/lib/rustlib/src/rust/library/panic_unwind)
   Compiling find-crate v0.6.3
   Compiling regex-automata v0.4.6
   Compiling const-random-macro v0.1.16
   Compiling intl-memoizer v0.5.1
   Compiling intl_pluralrules v7.0.2
   Compiling fluent-langneg v0.13.0
   Compiling fluent-syntax v0.11.0
   Compiling proc-macro-error-attr v1.0.4
   Compiling syn v1.0.109
   Compiling crossbeam-utils v0.8.19
   Compiling fluent-bundle v0.15.2
   Compiling regex v1.10.4
   Compiling i18n-embed-impl v0.8.3
   Compiling futures-macro v0.3.30
   Compiling num-traits v0.2.18
   Compiling proc-macro-error v1.0.4
   Compiling lazy_static v1.4.0
   Compiling serde_json v1.0.116
   Compiling proc_macro v0.0.0 (/home/devuan/.rustup/toolchains/stable-x86_64-unknown-linux-gnu/lib/rustlib/src/rust/library/proc_macro)
   Compiling heck v0.4.1
   Compiling cfg_aliases v0.1.1
   Compiling paste v1.0.14
   Compiling nix v0.28.0
   Compiling strum_macros v0.26.2
   Compiling signal-hook-registry v1.4.2
   Compiling futures-core v0.3.30
   Compiling pin-project-lite v0.2.14
   Compiling itoa v1.0.11
   Compiling mio v0.8.11
   Compiling tracing-core v0.1.32
   Compiling futures-sink v0.3.30
   Compiling ryu v1.0.17
   Compiling futures-channel v0.3.30
   Compiling parking_lot v0.12.1
   Compiling powerfmt v0.2.0
   Compiling pin-utils v0.1.0
   Compiling unicode-width v0.1.11
   Compiling overload v0.1.1
   Compiling bitflags v2.5.0
   Compiling futures-task v0.3.30
   Compiling const-random v0.1.18
   Compiling futures-io v0.3.30
   Compiling dlv-list v0.5.2
   Compiling futures-util v0.3.30
   Compiling nu-ansi-term v0.46.0
   Compiling deranged v0.3.11
   Compiling rand_core v0.6.4
   Compiling signal-hook-mio v0.2.3
   Compiling tracing-log v0.2.0
   Compiling sharded-slab v0.1.7
   Compiling socket2 v0.5.6
   Compiling num_cpus v1.16.0
   Compiling thread_local v1.1.8
   Compiling either v1.11.0
   Compiling static_assertions v1.1.0
   Compiling time-core v0.1.2
   Compiling num-conv v0.1.0
   Compiling bytes v1.6.0
   Compiling castaway v0.2.2
   Compiling ppv-lite86 v0.2.17
   Compiling locale_config v0.3.0
   Compiling fluent v0.16.0
   Compiling rust-embed v8.3.0
   Compiling tokio-macros v2.2.0
   Compiling arc-swap v1.7.1
   Compiling i18n-embed v0.14.1
   Compiling tokio v1.37.0
   Compiling rand_chacha v0.3.1
   Compiling crossbeam-channel v0.5.12
   Compiling compact_str v0.7.1
   Compiling time v0.3.36
   Compiling itertools v0.12.1
   Compiling tracing-subscriber v0.3.18
   Compiling futures-executor v0.3.30
   Compiling crossterm v0.27.0
   Compiling ordered-multimap v0.7.3
   Compiling lru v0.12.3
   Compiling strum v0.26.2
   Compiling unicode-segmentation v1.11.0
   Compiling smawk v0.3.2
   Compiling trim-in-place v0.1.7
   Compiling cassowary v0.3.0
   Compiling unicode-linebreak v0.1.5
   Compiling pure-rust-locales v0.8.1
   Compiling iana-time-zone v0.1.60
   Compiling dashmap v5.5.3
   Compiling tracing-attributes v0.1.27
   Compiling stability v0.2.0
   Compiling async-trait v0.1.80
   Compiling strsim v0.10.0
   Compiling tuigreet v0.9.1 (/home/devuan/FreeLinX/Desktop-test/stack/work/src/tuigreet-0.9.1/tuigreet-0.9.1)
   Compiling indoc v2.0.5
   Compiling i18n-embed-fl v0.8.0
   Compiling chrono v0.4.38
   Compiling ratatui v0.26.2
   Compiling greetd_ipc v0.10.0
   Compiling tracing v0.1.40
   Compiling textwrap v0.16.1
   Compiling rust-ini v0.21.0
   Compiling futures v0.3.30
   Compiling tracing-appender v0.2.3
   Compiling rand v0.8.5
   Compiling getopts v0.2.21
   Compiling uzers v0.12.0
   Compiling zeroize v1.7.0
   Compiling smart-default v0.7.1
    Finished `release` profile [optimized] target(s) in 3m 44s
build-rust: greetd, agreety, tuigreet installed into /home/devuan/FreeLinX/Desktop-test/stack/work/sysroot/usr/bin
